// Jest Snapshot v1, https://goo.gl/fbAQLP

exports[`<Home> Представляет собой статичный контент 1`] = `
<DocumentFragment>
  <div
    class="Home"
  >
    <div
      class="row"
    >
      <div
        class="col bg-secondary text-white py-4 bg-opacity-75"
      >
        <p
          class="display-3"
        >
          Welcome to Example store!
        </p>
        <p
          class="lead"
        >
          Culpa perspiciatis corporis facilis fugit similique
        </p>
        <p
          class="lead"
        >
          Cum aut ut eveniet rem cupiditate natus veritatis quia
        </p>
      </div>
    </div>
    <div
      class="row mb-4"
    >
      <div
        class="col-12 col-md-4 bg-light py-3"
      >
        <h1>
          Quickly
        </h1>
        <p
          class="lead"
        >
          Odio aut assumenda ipsam amet reprehenderit. Perspiciatis qui molestiae qui tempora quisquam
        </p>
      </div>
      <div
        class="col-12 col-md-4 bg-light py-3"
      >
        <h1>
          Qualitatively
        </h1>
        <p
          class="lead"
        >
          Ut nisi distinctio est non voluptatem. Odio aut assumenda ipsam amet reprehenderit
        </p>
      </div>
      <div
        class="col-12 col-md-4 bg-light py-3"
      >
        <h1>
          Inexpensive
        </h1>
        <p
          class="lead"
        >
          Perspiciatis qui molestiae qui tempora quisquam. Ut nisi distinctio est non voluptatem
        </p>
      </div>
    </div>
    <div
      class="row mb-4"
    >
      <div
        class="col-12py-3"
      >
        <p>
          Sed voluptatum quis voluptates laudantium incidunt laudantium. Illo non quos eos vel ipsa. Explicabo itaque est optio neque rerum provident enim qui sed. Corrupti commodi voluptatem vero soluta hic.
        </p>
        <p>
          Modi corporis consectetur aliquid sit cum tenetur enim. Sed voluptatum quis voluptates laudantium incidunt laudantium. Illo non quos eos vel ipsa. Explicabo itaque est optio neque rerum provident enim qui sed. Corrupti commodi voluptatem vero soluta hic.
        </p>
      </div>
    </div>
  </div>
</DocumentFragment>
`;
